// Jest Snapshot v1, https://goo.gl/fbAQLP

exports[`HistoryList renders Characters 1`] = `
<ul>
  <li
    key="0"
  >
    <HistoryItem
      method="POST"
      url="https//:testur.com"
    />
  </li>
</ul>
`;
